// Jest Snapshot v1, https://goo.gl/fbAQLP

exports[`TestComponent matches snapshot 1`] = `ShallowWrapper {}`;
